mode: set
github.com/luigizuccarelli/golang-eventbus-grpc/pkg/validator/validate.go:13.59,17.27 4 1
github.com/luigizuccarelli/golang-eventbus-grpc/pkg/validator/validate.go:25.2,25.12 1 1
github.com/luigizuccarelli/golang-eventbus-grpc/pkg/validator/validate.go:17.27,18.15 1 1
github.com/luigizuccarelli/golang-eventbus-grpc/pkg/validator/validate.go:23.3,23.69 1 0
github.com/luigizuccarelli/golang-eventbus-grpc/pkg/validator/validate.go:18.15,21.4 2 1
github.com/luigizuccarelli/golang-eventbus-grpc/pkg/validator/validate.go:30.50,38.23 2 1
github.com/luigizuccarelli/golang-eventbus-grpc/pkg/validator/validate.go:43.2,43.12 1 1
github.com/luigizuccarelli/golang-eventbus-grpc/pkg/validator/validate.go:38.23,39.54 1 1
github.com/luigizuccarelli/golang-eventbus-grpc/pkg/validator/validate.go:39.54,41.4 1 1
github.com/luigizuccarelli/golang-eventbus-grpc/pkg/handlers/handler.go:22.114,27.19 3 1
github.com/luigizuccarelli/golang-eventbus-grpc/pkg/handlers/handler.go:30.2,31.16 2 1
github.com/luigizuccarelli/golang-eventbus-grpc/pkg/handlers/handler.go:38.2,42.17 3 1
github.com/luigizuccarelli/golang-eventbus-grpc/pkg/handlers/handler.go:49.2,54.46 4 1
github.com/luigizuccarelli/golang-eventbus-grpc/pkg/handlers/handler.go:58.2,58.33 1 1
github.com/luigizuccarelli/golang-eventbus-grpc/pkg/handlers/handler.go:27.19,29.3 1 0
github.com/luigizuccarelli/golang-eventbus-grpc/pkg/handlers/handler.go:31.16,36.3 4 1
github.com/luigizuccarelli/golang-eventbus-grpc/pkg/handlers/handler.go:42.17,48.3 5 1
github.com/luigizuccarelli/golang-eventbus-grpc/pkg/handlers/handler.go:54.46,57.3 2 0
github.com/luigizuccarelli/golang-eventbus-grpc/pkg/handlers/handler.go:61.54,65.2 3 1
github.com/luigizuccarelli/golang-eventbus-grpc/pkg/handlers/handler.go:68.57,69.35 1 1
github.com/luigizuccarelli/golang-eventbus-grpc/pkg/handlers/handler.go:72.2,76.134 4 1
github.com/luigizuccarelli/golang-eventbus-grpc/pkg/handlers/handler.go:69.35,71.3 1 0
github.com/luigizuccarelli/golang-eventbus-grpc/pkg/handlers/handler.go:80.98,86.2 5 1
github.com/luigizuccarelli/golang-eventbus-grpc/pkg/eventbus/client.go:37.60,44.2 6 1
github.com/luigizuccarelli/golang-eventbus-grpc/pkg/eventbus/client.go:47.38,49.2 1 1
github.com/luigizuccarelli/golang-eventbus-grpc/pkg/eventbus/client.go:52.65,54.2 1 1
github.com/luigizuccarelli/golang-eventbus-grpc/pkg/eventbus/client.go:56.157,57.15 1 1
github.com/luigizuccarelli/golang-eventbus-grpc/pkg/eventbus/client.go:63.2,65.16 3 1
github.com/luigizuccarelli/golang-eventbus-grpc/pkg/eventbus/client.go:68.2,71.16 4 1
github.com/luigizuccarelli/golang-eventbus-grpc/pkg/eventbus/client.go:74.2,74.12 1 1
github.com/luigizuccarelli/golang-eventbus-grpc/pkg/eventbus/client.go:57.15,58.31 1 1
github.com/luigizuccarelli/golang-eventbus-grpc/pkg/eventbus/client.go:58.31,60.4 1 0
github.com/luigizuccarelli/golang-eventbus-grpc/pkg/eventbus/client.go:65.16,67.3 1 0
github.com/luigizuccarelli/golang-eventbus-grpc/pkg/eventbus/client.go:71.16,73.3 1 0
github.com/luigizuccarelli/golang-eventbus-grpc/pkg/eventbus/client.go:74.12,76.3 1 0
github.com/luigizuccarelli/golang-eventbus-grpc/pkg/eventbus/client.go:80.119,82.2 1 1
github.com/luigizuccarelli/golang-eventbus-grpc/pkg/eventbus/client.go:85.123,87.2 1 1
github.com/luigizuccarelli/golang-eventbus-grpc/pkg/eventbus/client.go:90.60,93.22 3 1
github.com/luigizuccarelli/golang-eventbus-grpc/pkg/eventbus/client.go:108.2,108.12 1 1
github.com/luigizuccarelli/golang-eventbus-grpc/pkg/eventbus/client.go:93.22,99.17 6 1
github.com/luigizuccarelli/golang-eventbus-grpc/pkg/eventbus/client.go:99.17,104.4 4 1
github.com/luigizuccarelli/golang-eventbus-grpc/pkg/eventbus/client.go:105.8,107.3 1 0
github.com/luigizuccarelli/golang-eventbus-grpc/pkg/eventbus/client.go:112.30,114.21 2 1
github.com/luigizuccarelli/golang-eventbus-grpc/pkg/eventbus/client.go:114.21,117.3 2 1
github.com/luigizuccarelli/golang-eventbus-grpc/pkg/eventbus/client.go:121.83,125.2 3 0
github.com/luigizuccarelli/golang-eventbus-grpc/pkg/eventbus/event_bus.go:56.16,63.2 2 1
github.com/luigizuccarelli/golang-eventbus-grpc/pkg/eventbus/event_bus.go:66.93,69.50 3 1
github.com/luigizuccarelli/golang-eventbus-grpc/pkg/eventbus/event_bus.go:72.2,73.12 2 1
github.com/luigizuccarelli/golang-eventbus-grpc/pkg/eventbus/event_bus.go:69.50,71.3 1 1
github.com/luigizuccarelli/golang-eventbus-grpc/pkg/eventbus/event_bus.go:78.79,82.2 1 1
github.com/luigizuccarelli/golang-eventbus-grpc/pkg/eventbus/event_bus.go:88.93,92.2 1 1
github.com/luigizuccarelli/golang-eventbus-grpc/pkg/eventbus/event_bus.go:96.72,100.2 1 1
github.com/luigizuccarelli/golang-eventbus-grpc/pkg/eventbus/event_bus.go:105.77,109.2 1 1
github.com/luigizuccarelli/golang-eventbus-grpc/pkg/eventbus/event_bus.go:112.53,116.8 4 1
github.com/luigizuccarelli/golang-eventbus-grpc/pkg/eventbus/event_bus.go:119.2,119.14 1 1
github.com/luigizuccarelli/golang-eventbus-grpc/pkg/eventbus/event_bus.go:116.8,118.3 1 1
github.com/luigizuccarelli/golang-eventbus-grpc/pkg/eventbus/event_bus.go:124.75,127.70 3 1
github.com/luigizuccarelli/golang-eventbus-grpc/pkg/eventbus/event_bus.go:131.2,131.52 1 1
github.com/luigizuccarelli/golang-eventbus-grpc/pkg/eventbus/event_bus.go:127.70,130.3 2 1
github.com/luigizuccarelli/golang-eventbus-grpc/pkg/eventbus/event_bus.go:135.65,138.66 3 1
github.com/luigizuccarelli/golang-eventbus-grpc/pkg/eventbus/event_bus.go:138.66,143.40 3 1
github.com/luigizuccarelli/golang-eventbus-grpc/pkg/eventbus/event_bus.go:143.40,144.24 1 1
github.com/luigizuccarelli/golang-eventbus-grpc/pkg/eventbus/event_bus.go:147.4,147.22 1 1
github.com/luigizuccarelli/golang-eventbus-grpc/pkg/eventbus/event_bus.go:144.24,146.5 1 1
github.com/luigizuccarelli/golang-eventbus-grpc/pkg/eventbus/event_bus.go:147.22,149.5 1 1
github.com/luigizuccarelli/golang-eventbus-grpc/pkg/eventbus/event_bus.go:149.10,151.30 2 1
github.com/luigizuccarelli/golang-eventbus-grpc/pkg/eventbus/event_bus.go:156.5,156.51 1 1
github.com/luigizuccarelli/golang-eventbus-grpc/pkg/eventbus/event_bus.go:151.30,155.6 3 1
github.com/luigizuccarelli/golang-eventbus-grpc/pkg/eventbus/event_bus.go:162.90,165.2 2 1
github.com/luigizuccarelli/golang-eventbus-grpc/pkg/eventbus/event_bus.go:167.95,169.27 2 1
github.com/luigizuccarelli/golang-eventbus-grpc/pkg/eventbus/event_bus.go:172.2,172.40 1 1
github.com/luigizuccarelli/golang-eventbus-grpc/pkg/eventbus/event_bus.go:169.27,171.3 1 1
github.com/luigizuccarelli/golang-eventbus-grpc/pkg/eventbus/event_bus.go:175.59,176.39 1 1
github.com/luigizuccarelli/golang-eventbus-grpc/pkg/eventbus/event_bus.go:179.2,181.28 2 1
github.com/luigizuccarelli/golang-eventbus-grpc/pkg/eventbus/event_bus.go:185.2,187.49 3 1
github.com/luigizuccarelli/golang-eventbus-grpc/pkg/eventbus/event_bus.go:176.39,178.3 1 0
github.com/luigizuccarelli/golang-eventbus-grpc/pkg/eventbus/event_bus.go:181.28,183.3 1 0
github.com/luigizuccarelli/golang-eventbus-grpc/pkg/eventbus/event_bus.go:190.79,191.38 1 1
github.com/luigizuccarelli/golang-eventbus-grpc/pkg/eventbus/event_bus.go:199.2,199.11 1 0
github.com/luigizuccarelli/golang-eventbus-grpc/pkg/eventbus/event_bus.go:191.38,192.49 1 1
github.com/luigizuccarelli/golang-eventbus-grpc/pkg/eventbus/event_bus.go:192.49,194.54 1 1
github.com/luigizuccarelli/golang-eventbus-grpc/pkg/eventbus/event_bus.go:194.54,196.5 1 1
github.com/luigizuccarelli/golang-eventbus-grpc/pkg/eventbus/event_bus.go:202.96,205.25 3 1
github.com/luigizuccarelli/golang-eventbus-grpc/pkg/eventbus/event_bus.go:213.2,213.24 1 1
github.com/luigizuccarelli/golang-eventbus-grpc/pkg/eventbus/event_bus.go:205.25,206.15 1 1
github.com/luigizuccarelli/golang-eventbus-grpc/pkg/eventbus/event_bus.go:206.15,208.4 1 0
github.com/luigizuccarelli/golang-eventbus-grpc/pkg/eventbus/event_bus.go:208.9,210.4 1 1
github.com/luigizuccarelli/golang-eventbus-grpc/pkg/eventbus/event_bus.go:217.34,219.2 1 1
github.com/luigizuccarelli/golang-eventbus-grpc/pkg/eventbus/event_bus.go:222.76,225.2 2 0
github.com/luigizuccarelli/golang-eventbus-grpc/pkg/eventbus/server.go:39.60,47.2 7 1
github.com/luigizuccarelli/golang-eventbus-grpc/pkg/eventbus/server.go:50.38,52.2 1 1
github.com/luigizuccarelli/golang-eventbus-grpc/pkg/eventbus/server.go:55.104,56.43 1 1
github.com/luigizuccarelli/golang-eventbus-grpc/pkg/eventbus/server.go:56.43,58.21 2 1
github.com/luigizuccarelli/golang-eventbus-grpc/pkg/eventbus/server.go:68.3,74.17 7 1
github.com/luigizuccarelli/golang-eventbus-grpc/pkg/eventbus/server.go:58.21,67.4 7 0
github.com/luigizuccarelli/golang-eventbus-grpc/pkg/eventbus/server.go:74.17,76.4 1 0
github.com/luigizuccarelli/golang-eventbus-grpc/pkg/eventbus/server.go:81.74,82.63 1 1
github.com/luigizuccarelli/golang-eventbus-grpc/pkg/eventbus/server.go:89.2,89.14 1 1
github.com/luigizuccarelli/golang-eventbus-grpc/pkg/eventbus/server.go:82.63,83.52 1 1
github.com/luigizuccarelli/golang-eventbus-grpc/pkg/eventbus/server.go:83.52,84.32 1 1
github.com/luigizuccarelli/golang-eventbus-grpc/pkg/eventbus/server.go:84.32,86.5 1 0
github.com/luigizuccarelli/golang-eventbus-grpc/pkg/eventbus/server.go:93.60,96.22 3 1
github.com/luigizuccarelli/golang-eventbus-grpc/pkg/eventbus/server.go:112.2,112.12 1 1
github.com/luigizuccarelli/golang-eventbus-grpc/pkg/eventbus/server.go:96.22,101.15 5 1
github.com/luigizuccarelli/golang-eventbus-grpc/pkg/eventbus/server.go:105.3,108.70 4 1
github.com/luigizuccarelli/golang-eventbus-grpc/pkg/eventbus/server.go:101.15,104.4 2 0
github.com/luigizuccarelli/golang-eventbus-grpc/pkg/eventbus/server.go:109.8,111.3 1 0
github.com/luigizuccarelli/golang-eventbus-grpc/pkg/eventbus/server.go:116.30,118.21 2 1
github.com/luigizuccarelli/golang-eventbus-grpc/pkg/eventbus/server.go:118.21,121.3 2 1
github.com/luigizuccarelli/golang-eventbus-grpc/pkg/eventbus/server.go:127.87,129.46 2 1
github.com/luigizuccarelli/golang-eventbus-grpc/pkg/eventbus/server.go:146.2,147.12 2 1
github.com/luigizuccarelli/golang-eventbus-grpc/pkg/eventbus/server.go:129.46,131.28 2 1
github.com/luigizuccarelli/golang-eventbus-grpc/pkg/eventbus/server.go:137.3,138.42 2 1
github.com/luigizuccarelli/golang-eventbus-grpc/pkg/eventbus/server.go:144.3,144.44 1 1
github.com/luigizuccarelli/golang-eventbus-grpc/pkg/eventbus/server.go:132.18,133.77 1 1
github.com/luigizuccarelli/golang-eventbus-grpc/pkg/eventbus/server.go:134.22,135.65 1 1
github.com/luigizuccarelli/golang-eventbus-grpc/pkg/eventbus/server.go:138.42,140.4 1 1
github.com/luigizuccarelli/golang-eventbus-grpc/pkg/eventbus/server.go:140.9,143.4 2 1
